[exit-status] 1

[stdout]
stdout

[stderr]
stderr

---
[success] ok1.
[success] ok2.

2 cases, 0 failures.
