[exit-status] 

[stdout]

[stderr]

---

0 cases, 0 failures.
