Fail to build assertion case: exec: "nonexistent_command": executable file not found in $PATH
