Fail to build assertion case: pipe and command can not be used simultaneously
